// Jest Snapshot v1, https://goo.gl/fbAQLP

exports[`new-arrival のレンダリング確認 オプションなしで設定した場合、初期値でレンダリングされる。 1`] = `
<div
  class="sc-dwLEzm cNXLeJ"
  data-testid="atoms-na-wrap"
/>
`;
